// Jest Snapshot v1, https://goo.gl/fbAQLP

exports[`NextNProgress should render successfully 1`] = `
<JSXStyle
  dynamic={
    Array [
      "#fff",
      3,
      "#fff",
      "#fff",
    ]
  }
  id="1257616909"
>
  #nprogress{pointer-events:none;}#nprogress .bar{background:#fff;position:fixed;z-index:1031;top:0;left:0;width:100%;height:3px;}#nprogress .peg{display:block;position:absolute;right:0px;width:100px;height:100%;opacity:1;}#nprogress .spinner{display:"block";position:fixed;z-index:1031;top:19px;left:6px;}#nprogress .spinner-icon{width:18px;height:18px;box-sizing:border-box;border:solid 2px transparent;border-top-color:#fff;border-left-color:#fff;border-radius:50%;-webkit-animation:nprogresss-spinner 400ms linear infinite;-webkit-animation:nprogress-spinner 400ms linear infinite;animation:nprogress-spinner 400ms linear infinite;}.nprogress-custom-parent{overflow:hidden;position:relative;}.nprogress-custom-parent #nprogress .spinner,.nprogress-custom-parent #nprogress .bar{position:absolute;}@-webkit-keyframes nprogress-spinner{0%{-webkit-transform:rotate(0deg);}100%{-webkit-transform:rotate(360deg);}}@-webkit-keyframes nprogress-spinner{0%{-webkit-transform:rotate(0deg);-ms-transform:rotate(0deg);transform:rotate(0deg);}100%{-webkit-transform:rotate(360deg);-ms-transform:rotate(360deg);transform:rotate(360deg);}}@keyframes nprogress-spinner{0%{-webkit-transform:rotate(0deg);-ms-transform:rotate(0deg);transform:rotate(0deg);}100%{-webkit-transform:rotate(360deg);-ms-transform:rotate(360deg);transform:rotate(360deg);}}
</JSXStyle>
`;
